<?xml version="1.0" encoding="UTF-8"?>
<TestRun id="5e3649d2-66f9-4985-86cd-f9a100850f89" name="ltenny@INSANE 2010-03-21 13:54:15" runUser="insane\ltenny" xmlns="http://microsoft.com/schemas/VisualStudio/TeamTest/2010">
  <TestSettings name="Local" id="ef69b125-3259-43eb-8030-7cf59d5f2b24">
    <Description>These are default test settings for a local test run.</Description>
    <Deployment enabled="false" runDeploymentRoot="ltenny_INSANE 2010-03-21 13_54_15" />
    <Execution>
      <TestTypeSpecific />
      <AgentRule name="Execution Agents">
      </AgentRule>
    </Execution>
  </TestSettings>
  <Times creation="2010-03-21T13:54:15.2313504-05:00" queuing="2010-03-21T13:54:16.4974228-05:00" start="2010-03-21T13:54:16.5944283-05:00" finish="2010-03-21T13:54:29.8931890-05:00" />
  <ResultSummary outcome="Completed">
    <Counters total="3" executed="3" passed="3" error="0" failed="0" timeout="0" aborted="0" inconclusive="0" passedButRunAborted="0" notRunnable="0" notExecuted="0" disconnected="0" warning="0" completed="0" inProgress="0" pending="0" />
  </ResultSummary>
  <TestDefinitions>
    <UnitTest name="TestForArrivalDateGreaterThanDepartureDate" storage="m:\book work\code\chapter8\recipe8\tests\bin\debug\tests.dll" id="b57ca660-0fb3-a788-682d-22c7c53c2c94">
      <Execution id="a09a167a-aa1b-4e98-8184-64c60b2b4924" />
      <TestMethod codeBase="M:/Book Work/Code/Chapter8/Recipe8/Tests/bin/Debug/Tests.DLL" adapterTypeName="Microsoft.VisualStudio.TestTools.TestTypes.Unit.UnitTestAdapter, Microsoft.VisualStudio.QualityTools.Tips.UnitTest.Adapter, Version=10.0.0.0, Culture=neutral, PublicKeyToken=b03f5f7f11d50a3a" className="Tests.ReservationTest, Tests, Version=1.0.0.0, Culture=neutral, PublicKeyToken=null" name="TestForArrivalDateGreaterThanDepartureDate" />
    </UnitTest>
    <UnitTest name="TestForDuplicateReservation" storage="m:\book work\code\chapter8\recipe8\tests\bin\debug\tests.dll" id="11f23460-0a16-f372-3438-da565d0b5ca1">
      <Execution id="2e402b06-066b-4e2c-81b1-2fd0f51e1690" />
      <TestMethod codeBase="M:/Book Work/Code/Chapter8/Recipe8/Tests/bin/Debug/Tests.DLL" adapterTypeName="Microsoft.VisualStudio.TestTools.TestTypes.Unit.UnitTestAdapter, Microsoft.VisualStudio.QualityTools.Tips.UnitTest.Adapter, Version=10.0.0.0, Culture=neutral, PublicKeyToken=b03f5f7f11d50a3a" className="Tests.ReservationTest, Tests, Version=1.0.0.0, Culture=neutral, PublicKeyToken=null" name="TestForDuplicateReservation" />
    </UnitTest>
    <UnitTest name="TestForArrivesAndLeavesFromSameLocation" storage="m:\book work\code\chapter8\recipe8\tests\bin\debug\tests.dll" id="8f20bc21-42c5-f7b1-8b79-fcb83d29919b">
      <Execution id="9d6a9e32-b3e2-431c-a9d3-2455e306e4b6" />
      <TestMethod codeBase="M:/Book Work/Code/Chapter8/Recipe8/Tests/bin/Debug/Tests.DLL" adapterTypeName="Microsoft.VisualStudio.TestTools.TestTypes.Unit.UnitTestAdapter, Microsoft.VisualStudio.QualityTools.Tips.UnitTest.Adapter, Version=10.0.0.0, Culture=neutral, PublicKeyToken=b03f5f7f11d50a3a" className="Tests.ReservationTest, Tests, Version=1.0.0.0, Culture=neutral, PublicKeyToken=null" name="TestForArrivesAndLeavesFromSameLocation" />
    </UnitTest>
  </TestDefinitions>
  <TestLists>
    <TestList name="Results Not in a List" id="8c84fa94-04c1-424b-9868-57a2d4851a1d" />
    <TestList name="All Loaded Results" id="19431567-8539-422a-85d7-44ee4e166bda" />
  </TestLists>
  <TestEntries>
    <TestEntry testId="11f23460-0a16-f372-3438-da565d0b5ca1" executionId="2e402b06-066b-4e2c-81b1-2fd0f51e1690" testListId="8c84fa94-04c1-424b-9868-57a2d4851a1d" />
    <TestEntry testId="b57ca660-0fb3-a788-682d-22c7c53c2c94" executionId="a09a167a-aa1b-4e98-8184-64c60b2b4924" testListId="8c84fa94-04c1-424b-9868-57a2d4851a1d" />
    <TestEntry testId="8f20bc21-42c5-f7b1-8b79-fcb83d29919b" executionId="9d6a9e32-b3e2-431c-a9d3-2455e306e4b6" testListId="8c84fa94-04c1-424b-9868-57a2d4851a1d" />
  </TestEntries>
  <Results>
    <UnitTestResult executionId="2e402b06-066b-4e2c-81b1-2fd0f51e1690" testId="11f23460-0a16-f372-3438-da565d0b5ca1" testName="TestForDuplicateReservation" computerName="INSANE" duration="00:00:07.9894716" startTime="2010-03-21T13:54:16.7974399-05:00" endTime="2010-03-21T13:54:26.6640043-05:00" testType="13cdc9d9-ddb5-4fa4-a97d-d965ccfc6d4b" outcome="Passed" testListId="8c84fa94-04c1-424b-9868-57a2d4851a1d" relativeResultsDirectory="2e402b06-066b-4e2c-81b1-2fd0f51e1690">
    </UnitTestResult>
    <UnitTestResult executionId="a09a167a-aa1b-4e98-8184-64c60b2b4924" testId="b57ca660-0fb3-a788-682d-22c7c53c2c94" testName="TestForArrivalDateGreaterThanDepartureDate" computerName="INSANE" duration="00:00:01.5633312" startTime="2010-03-21T13:54:26.6740048-05:00" endTime="2010-03-21T13:54:28.2500950-05:00" testType="13cdc9d9-ddb5-4fa4-a97d-d965ccfc6d4b" outcome="Passed" testListId="8c84fa94-04c1-424b-9868-57a2d4851a1d" relativeResultsDirectory="a09a167a-aa1b-4e98-8184-64c60b2b4924">
    </UnitTestResult>
    <UnitTestResult executionId="9d6a9e32-b3e2-431c-a9d3-2455e306e4b6" testId="8f20bc21-42c5-f7b1-8b79-fcb83d29919b" testName="TestForArrivesAndLeavesFromSameLocation" computerName="INSANE" duration="00:00:01.4398330" startTime="2010-03-21T13:54:28.2630957-05:00" endTime="2010-03-21T13:54:29.7151788-05:00" testType="13cdc9d9-ddb5-4fa4-a97d-d965ccfc6d4b" outcome="Passed" testListId="8c84fa94-04c1-424b-9868-57a2d4851a1d" relativeResultsDirectory="9d6a9e32-b3e2-431c-a9d3-2455e306e4b6">
    </UnitTestResult>
  </Results>
</TestRun>