<?xml version="1.0" encoding="UTF-8"?>
<TestRun id="dc2b9313-2fc2-4625-8494-fafab44ce69f" name="ltenny@INSANE 2010-03-22 20:18:24" runUser="insane\ltenny" xmlns="http://microsoft.com/schemas/VisualStudio/TeamTest/2010">
  <TestSettings name="Local" id="2ff48031-4417-4f62-a051-a48b5d9d964e">
    <Description>These are default test settings for a local test run.</Description>
    <Deployment enabled="false" runDeploymentRoot="ltenny_INSANE 2010-03-22 20_18_24" />
    <Execution>
      <TestTypeSpecific />
      <AgentRule name="Execution Agents">
      </AgentRule>
    </Execution>
  </TestSettings>
  <Times creation="2010-03-22T20:18:24.1547403-05:00" queuing="2010-03-22T20:18:25.4688155-05:00" start="2010-03-22T20:18:25.6638266-05:00" finish="2010-03-22T20:19:41.9901922-05:00" />
  <ResultSummary outcome="Completed">
    <Counters total="2" executed="2" passed="2" error="0" failed="0" timeout="0" aborted="0" inconclusive="0" passedButRunAborted="0" notRunnable="0" notExecuted="0" disconnected="0" warning="0" completed="0" inProgress="0" pending="0" />
  </ResultSummary>
  <TestDefinitions>
    <UnitTest name="TestsBooksInCategory" storage="m:\book work\code\chapter8\recipe9\tests\bin\debug\tests.dll" id="dd312093-b676-d7fa-dfa0-0fa5f21af16f">
      <Execution id="9b0110ab-fde4-4e58-8482-cbe7afa425a4" />
      <TestMethod codeBase="M:/Book Work/Code/Chapter8/Recipe9/Tests/bin/Debug/Tests.DLL" adapterTypeName="Microsoft.VisualStudio.TestTools.TestTypes.Unit.UnitTestAdapter, Microsoft.VisualStudio.QualityTools.Tips.UnitTest.Adapter, Version=10.0.0.0, Culture=neutral, PublicKeyToken=b03f5f7f11d50a3a" className="Tests.BookRepositoryTest, Tests, Version=1.0.0.0, Culture=neutral, PublicKeyToken=null" name="TestsBooksInCategory" />
    </UnitTest>
    <UnitTest name="TestBooksPublishedInTheYear" storage="m:\book work\code\chapter8\recipe9\tests\bin\debug\tests.dll" id="b4e992b3-e609-5e60-e1b9-2ff345976e9d">
      <Execution id="3a866968-6a0a-4a18-85c2-836493bd71db" />
      <TestMethod codeBase="M:/Book Work/Code/Chapter8/Recipe9/Tests/bin/Debug/Tests.DLL" adapterTypeName="Microsoft.VisualStudio.TestTools.TestTypes.Unit.UnitTestAdapter, Microsoft.VisualStudio.QualityTools.Tips.UnitTest.Adapter, Version=10.0.0.0, Culture=neutral, PublicKeyToken=b03f5f7f11d50a3a" className="Tests.BookRepositoryTest, Tests, Version=1.0.0.0, Culture=neutral, PublicKeyToken=null" name="TestBooksPublishedInTheYear" />
    </UnitTest>
  </TestDefinitions>
  <TestLists>
    <TestList name="Results Not in a List" id="8c84fa94-04c1-424b-9868-57a2d4851a1d" />
    <TestList name="All Loaded Results" id="19431567-8539-422a-85d7-44ee4e166bda" />
  </TestLists>
  <TestEntries>
    <TestEntry testId="dd312093-b676-d7fa-dfa0-0fa5f21af16f" executionId="9b0110ab-fde4-4e58-8482-cbe7afa425a4" testListId="8c84fa94-04c1-424b-9868-57a2d4851a1d" />
    <TestEntry testId="b4e992b3-e609-5e60-e1b9-2ff345976e9d" executionId="3a866968-6a0a-4a18-85c2-836493bd71db" testListId="8c84fa94-04c1-424b-9868-57a2d4851a1d" />
  </TestEntries>
  <Results>
    <UnitTestResult executionId="9b0110ab-fde4-4e58-8482-cbe7afa425a4" testId="dd312093-b676-d7fa-dfa0-0fa5f21af16f" testName="TestsBooksInCategory" computerName="INSANE" duration="00:00:58.8044732" startTime="2010-03-22T20:18:25.8008345-05:00" endTime="2010-03-22T20:19:26.6803166-05:00" testType="13cdc9d9-ddb5-4fa4-a97d-d965ccfc6d4b" outcome="Passed" testListId="8c84fa94-04c1-424b-9868-57a2d4851a1d" relativeResultsDirectory="9b0110ab-fde4-4e58-8482-cbe7afa425a4">
    </UnitTestResult>
    <UnitTestResult executionId="3a866968-6a0a-4a18-85c2-836493bd71db" testId="b4e992b3-e609-5e60-e1b9-2ff345976e9d" testName="TestBooksPublishedInTheYear" computerName="INSANE" duration="00:00:13.3894961" startTime="2010-03-22T20:19:26.6943174-05:00" endTime="2010-03-22T20:19:40.3921008-05:00" testType="13cdc9d9-ddb5-4fa4-a97d-d965ccfc6d4b" outcome="Passed" testListId="8c84fa94-04c1-424b-9868-57a2d4851a1d" relativeResultsDirectory="3a866968-6a0a-4a18-85c2-836493bd71db">
    </UnitTestResult>
  </Results>
</TestRun>